// Jest Snapshot v1, https://goo.gl/fbAQLP

exports[`did launch page launched 1`] = `"<span style=\\"width: 185px; display: flex; overflow: hidden; justify-content: flex-start;\\"><span style=\\"overflow: hidden; text-overflow: ellipsis; white-space: nowrap; flex-shrink: 1; min-width: 5px;\\">pbm</span><span style=\\"position: relative; overflow: hidden; white-space: nowrap;\\"><span style=\\"color: transparent;\\">c3k</span><span style=\\"position: absolute; right: 0px; color: inherit;\\">c3k</span></span></span>"`;

exports[`metadata loads categories and values from dataset appear 1`] = `"<div style=\\"display: flex; justify-content: space-between; align-items: baseline;\\"><div style=\\"display: flex; justify-content: flex-start; align-items: flex-start;\\"><label class=\\"bp3-control bp3-checkbox\\" for=\\"category-select-louvain\\"><input id=\\"category-select-louvain\\" data-testclass=\\"category-select\\" data-testid=\\"louvain:category-select\\" type=\\"checkbox\\" checked=\\"\\"><span class=\\"bp3-control-indicator\\"></span></label><span role=\\"menuitem\\" tabindex=\\"0\\" data-testclass=\\"category-expand\\" data-testid=\\"louvain:category-expand\\" style=\\"cursor: pointer;\\"><span class=\\"bp3-popover-wrapper\\"><span class=\\"bp3-popover-target\\"><span data-testid=\\"louvain:category-label\\" aria-label=\\"louvain\\" class=\\"\\" tabindex=\\"0\\" style=\\"max-width: 265px;\\"><span style=\\"max-width: 265px; display: flex; overflow: hidden; justify-content: flex-start;\\"><span style=\\"overflow: hidden; text-overflow: ellipsis; white-space: nowrap; flex-shrink: 1; min-width: 5px;\\">lou</span><span style=\\"position: relative; overflow: hidden; white-space: nowrap;\\"><span style=\\"color: transparent;\\">vain</span><span style=\\"position: absolute; right: 0px; color: inherit;\\">vain</span></span></span></span></span></span><svg stroke=\\"currentColor\\" fill=\\"currentColor\\" stroke-width=\\"0\\" viewBox=\\"0 0 320 512\\" data-testclass=\\"category-expand-is-not-expanded\\" height=\\"1em\\" width=\\"1em\\" xmlns=\\"http://www.w3.org/2000/svg\\" style=\\"font-size: 10px; margin-left: 5px;\\"><path d=\\"M285.476 272.971L91.132 467.314c-9.373 9.373-24.569 9.373-33.941 0l-22.667-22.667c-9.357-9.357-9.375-24.522-.04-33.901L188.505 256 34.484 101.255c-9.335-9.379-9.317-24.544.04-33.901l22.667-22.667c9.373-9.373 24.569-9.373 33.941 0L285.475 239.03c9.373 9.372 9.373 24.568.001 33.941z\\"></path></svg></span></div><div><span class=\\"bp3-popover-wrapper\\"><span class=\\"bp3-popover-target\\"><a role=\\"button\\" data-testclass=\\"colorby\\" data-testid=\\"colorby-louvain\\" class=\\"bp3-button\\" tabindex=\\"0\\"><span icon=\\"tint\\" class=\\"bp3-icon bp3-icon-tint\\"><svg data-icon=\\"tint\\" width=\\"16\\" height=\\"16\\" viewBox=\\"0 0 16 16\\"><desc>tint</desc><path d=\\"M7.88 1s-4.9 6.28-4.9 8.9c.01 2.82 2.34 5.1 4.99 5.1 2.65-.01 5.03-2.3 5.03-5.13C12.99 7.17 7.88 1 7.88 1z\\" fill-rule=\\"evenodd\\"></path></svg></span></a></span></span></div></div><div style=\\"margin-left: 26px;\\"></div><div></div>"`;
