// Jest Snapshot v1, https://goo.gl/fbAQLP

exports[`annotations stacked bar graph renders 1`] = `
Array [
  "<div data-flip-config=\\"{&quot;translate&quot;:true,&quot;scale&quot;:true,&quot;opacity&quot;:true}\\" data-portal-key=\\"portal\\" class=\\"categorical__value___2RKaC\\" data-testclass=\\"categorical-row\\" style=\\"padding: 4px 0px 4px 7px; display: flex; align-items: baseline; justify-content: space-between; margin-bottom: 2px; border-radius: 2px;\\"><div style=\\"margin: 0px; padding: 0px; user-select: none; width: 220px; display: flex; justify-content: space-between;\\"><div style=\\"display: flex; align-items: baseline;\\"><label for=\\"value-toggle-checkbox-TEST-LABEL\\" class=\\"bp3-control bp3-checkbox\\" style=\\"margin: 0px;\\"><input id=\\"value-toggle-checkbox-TEST-LABEL\\" data-testclass=\\"categorical-value-select\\" data-testid=\\"categorical-value-select-TEST-CATEGORY-TEST-LABEL\\" type=\\"checkbox\\" checked=\\"\\"><span class=\\"bp3-control-indicator\\"></span></label><span class=\\"bp3-popover-wrapper\\"><span class=\\"bp3-popover-target\\"><span data-testid=\\"categorical-value-TEST-CATEGORY-TEST-LABEL\\" data-testclass=\\"categorical-value\\" aria-label=\\"TEST-LABEL\\" class=\\"\\" tabindex=\\"0\\" style=\\"width: 63px; color: black; font-style: normal; display: inline-block; overflow: hidden; line-height: 1.1em; height: 1.1em; vertical-align: middle; margin-right: 16px;\\"><span style=\\"width: 63px; color: black; font-style: normal; display: flex; overflow: hidden; line-height: 1.1em; height: 1.1em; vertical-align: middle; margin-right: 16px; justify-content: flex-start;\\"><span style=\\"overflow: hidden; text-overflow: ellipsis; white-space: nowrap; flex-shrink: 1; min-width: 5px;\\">TEST-</span><span style=\\"position: relative; overflow: hidden; white-space: nowrap;\\"><span style=\\"color: transparent;\\">LABEL</span><span style=\\"position: absolute; right: 0px; color: black;\\">LABEL</span></span></span></span></span></span></div><span style=\\"flex-shrink: 0;\\"></span></div><div><span><span data-testclass=\\"categorical-value-count\\" data-testid=\\"categorical-value-count-TEST-CATEGORY-TEST-LABEL\\" style=\\"color: black;\\">0</span><svg display=\\"none\\" style=\\"margin-left: 5px; width: 11px; height: 11px; background-color: inherit;\\"></svg><span><span class=\\"bp3-popover-wrapper\\"><span class=\\"bp3-popover-target\\"><button type=\\"button\\" data-testclass=\\"seeActions\\" data-testid=\\"TEST-CATEGORY:TEST-LABEL:see-actions\\" class=\\"bp3-button bp3-minimal bp3-small\\" tabindex=\\"0\\" style=\\"margin-left: 2px; position: relative; top: -1px; min-height: 16px;\\"><span icon=\\"more\\" class=\\"bp3-icon bp3-icon-more\\"><svg data-icon=\\"more\\" width=\\"10\\" height=\\"10\\" viewBox=\\"0 0 16 16\\"><desc>more</desc><path d=\\"M2 6.03a2 2 0 100 4 2 2 0 100-4zM14 6.03a2 2 0 100 4 2 2 0 100-4zM8 6.03a2 2 0 100 4 2 2 0 100-4z\\" fill-rule=\\"evenodd\\"></path></svg></span></button></span></span></span></span></div></div>",
  "<div data-flip-config=\\"{&quot;translate&quot;:true,&quot;scale&quot;:true,&quot;opacity&quot;:true}\\" data-flip-id=\\"1\\" data-portal-key=\\"portal\\" class=\\"categorical__value___2RKaC\\" data-testclass=\\"categorical-row\\" style=\\"padding: 4px 0px 4px 7px; display: flex; align-items: baseline; justify-content: space-between; margin-bottom: 2px; border-radius: 2px;\\"><div style=\\"margin: 0px; padding: 0px; user-select: none; width: 220px; display: flex; justify-content: space-between;\\"><div style=\\"display: flex; align-items: baseline;\\"><label for=\\"value-toggle-checkbox-unassigned\\" class=\\"bp3-control bp3-checkbox\\" style=\\"margin: 0px;\\"><input id=\\"value-toggle-checkbox-unassigned\\" data-testclass=\\"categorical-value-select\\" data-testid=\\"categorical-value-select-TEST-CATEGORY-unassigned\\" type=\\"checkbox\\" checked=\\"\\"><span class=\\"bp3-control-indicator\\"></span></label><span class=\\"bp3-popover-wrapper\\"><span class=\\"bp3-popover-target\\"><span data-testid=\\"categorical-value-TEST-CATEGORY-unassigned\\" data-testclass=\\"categorical-value\\" aria-label=\\"unassigned\\" class=\\"\\" tabindex=\\"0\\" style=\\"width: 63px; color: rgb(171, 171, 171); font-style: italic; display: inline-block; overflow: hidden; line-height: 1.1em; height: 1.1em; vertical-align: middle; margin-right: 16px;\\"><span style=\\"width: 63px; color: rgb(171, 171, 171); font-style: italic; display: flex; overflow: hidden; line-height: 1.1em; height: 1.1em; vertical-align: middle; margin-right: 16px; justify-content: flex-start;\\"><span style=\\"overflow: hidden; text-overflow: ellipsis; white-space: nowrap; flex-shrink: 1; min-width: 5px;\\">unass</span><span style=\\"position: relative; overflow: hidden; white-space: nowrap;\\"><span style=\\"color: transparent;\\">igned</span><span style=\\"position: absolute; right: 0px; color: rgb(171, 171, 171);\\">igned</span></span></span></span></span></span></div><span style=\\"flex-shrink: 0;\\"><canvas class=\\"bp3-popover-targer\\" width=\\"100\\" height=\\"11\\" style=\\"margin-right: 5px; width: 100px; height: 11px;\\"></canvas></span></div><div><span><span data-testclass=\\"categorical-value-count\\" data-testid=\\"categorical-value-count-TEST-CATEGORY-unassigned\\" style=\\"color: rgb(171, 171, 171); font-style: italic;\\">2132</span><svg display=\\"none\\" style=\\"margin-left: 5px; width: 11px; height: 11px; background-color: inherit;\\"></svg><span><span class=\\"bp3-popover-wrapper\\"><span class=\\"bp3-popover-target\\"><button type=\\"button\\" data-testclass=\\"seeActions\\" data-testid=\\"TEST-CATEGORY:unassigned:see-actions\\" class=\\"bp3-button bp3-minimal bp3-small\\" tabindex=\\"0\\" style=\\"margin-left: 2px; position: relative; top: -1px; min-height: 16px;\\"><span icon=\\"more\\" class=\\"bp3-icon bp3-icon-more\\"><svg data-icon=\\"more\\" width=\\"10\\" height=\\"10\\" viewBox=\\"0 0 16 16\\"><desc>more</desc><path d=\\"M2 6.03a2 2 0 100 4 2 2 0 100-4zM14 6.03a2 2 0 100 4 2 2 0 100-4zM8 6.03a2 2 0 100 4 2 2 0 100-4z\\" fill-rule=\\"evenodd\\"></path></svg></span></button></span></span></span></span></div></div>",
]
`;

exports[`annotations stacked bar graph renders 2`] = `
Array [
  "<div data-flip-config=\\"{&quot;translate&quot;:true,&quot;scale&quot;:true,&quot;opacity&quot;:true}\\" data-portal-key=\\"portal\\" class=\\"categorical__value___2RKaC\\" data-testclass=\\"categorical-row\\" style=\\"padding: 4px 0px 4px 7px; display: flex; align-items: baseline; justify-content: space-between; margin-bottom: 2px; border-radius: 2px;\\"><div style=\\"margin: 0px; padding: 0px; user-select: none; width: 220px; display: flex; justify-content: space-between;\\"><div style=\\"display: flex; align-items: baseline;\\"><label for=\\"value-toggle-checkbox-TEST-LABEL\\" class=\\"bp3-control bp3-checkbox\\" style=\\"margin: 0px;\\"><input id=\\"value-toggle-checkbox-TEST-LABEL\\" data-testclass=\\"categorical-value-select\\" data-testid=\\"categorical-value-select-TEST-CATEGORY-TEST-LABEL\\" type=\\"checkbox\\" checked=\\"\\"><span class=\\"bp3-control-indicator\\"></span></label><span class=\\"bp3-popover-wrapper\\"><span class=\\"bp3-popover-target\\"><span data-testid=\\"categorical-value-TEST-CATEGORY-TEST-LABEL\\" data-testclass=\\"categorical-value\\" aria-label=\\"TEST-LABEL\\" class=\\"\\" tabindex=\\"0\\" style=\\"width: 63px; color: black; font-style: normal; display: inline-block; overflow: hidden; line-height: 1.1em; height: 1.1em; vertical-align: middle; margin-right: 16px;\\"><span style=\\"width: 63px; color: black; font-style: normal; display: flex; overflow: hidden; line-height: 1.1em; height: 1.1em; vertical-align: middle; margin-right: 16px; justify-content: flex-start;\\"><span style=\\"overflow: hidden; text-overflow: ellipsis; white-space: nowrap; flex-shrink: 1; min-width: 5px;\\">TEST-</span><span style=\\"position: relative; overflow: hidden; white-space: nowrap;\\"><span style=\\"color: transparent;\\">LABEL</span><span style=\\"position: absolute; right: 0px; color: black;\\">LABEL</span></span></span></span></span></span></div><span style=\\"flex-shrink: 0;\\"></span></div><div><span><span data-testclass=\\"categorical-value-count\\" data-testid=\\"categorical-value-count-TEST-CATEGORY-TEST-LABEL\\" style=\\"color: black;\\">0</span><svg display=\\"none\\" style=\\"margin-left: 5px; width: 11px; height: 11px; background-color: inherit;\\"></svg><span><span class=\\"bp3-popover-wrapper\\"><span class=\\"bp3-popover-target\\"><button type=\\"button\\" data-testclass=\\"seeActions\\" data-testid=\\"TEST-CATEGORY:TEST-LABEL:see-actions\\" class=\\"bp3-button bp3-minimal bp3-small\\" tabindex=\\"0\\" style=\\"margin-left: 2px; position: relative; top: -1px; min-height: 16px;\\"><span icon=\\"more\\" class=\\"bp3-icon bp3-icon-more\\"><svg data-icon=\\"more\\" width=\\"10\\" height=\\"10\\" viewBox=\\"0 0 16 16\\"><desc>more</desc><path d=\\"M2 6.03a2 2 0 100 4 2 2 0 100-4zM14 6.03a2 2 0 100 4 2 2 0 100-4zM8 6.03a2 2 0 100 4 2 2 0 100-4z\\" fill-rule=\\"evenodd\\"></path></svg></span></button></span></span></span></span></div></div>",
  "<div data-flip-config=\\"{&quot;translate&quot;:true,&quot;scale&quot;:true,&quot;opacity&quot;:true}\\" data-flip-id=\\"1\\" data-portal-key=\\"portal\\" class=\\"categorical__value___2RKaC\\" data-testclass=\\"categorical-row\\" style=\\"padding: 4px 0px 4px 7px; display: flex; align-items: baseline; justify-content: space-between; margin-bottom: 2px; border-radius: 2px;\\"><div style=\\"margin: 0px; padding: 0px; user-select: none; width: 220px; display: flex; justify-content: space-between;\\"><div style=\\"display: flex; align-items: baseline;\\"><label for=\\"value-toggle-checkbox-unassigned\\" class=\\"bp3-control bp3-checkbox\\" style=\\"margin: 0px;\\"><input id=\\"value-toggle-checkbox-unassigned\\" data-testclass=\\"categorical-value-select\\" data-testid=\\"categorical-value-select-TEST-CATEGORY-unassigned\\" type=\\"checkbox\\" checked=\\"\\"><span class=\\"bp3-control-indicator\\"></span></label><span class=\\"bp3-popover-wrapper\\"><span class=\\"bp3-popover-target\\"><span data-testid=\\"categorical-value-TEST-CATEGORY-unassigned\\" data-testclass=\\"categorical-value\\" aria-label=\\"unassigned\\" class=\\"\\" tabindex=\\"0\\" style=\\"width: 63px; color: rgb(171, 171, 171); font-style: italic; display: inline-block; overflow: hidden; line-height: 1.1em; height: 1.1em; vertical-align: middle; margin-right: 16px;\\"><span style=\\"width: 63px; color: rgb(171, 171, 171); font-style: italic; display: flex; overflow: hidden; line-height: 1.1em; height: 1.1em; vertical-align: middle; margin-right: 16px; justify-content: flex-start;\\"><span style=\\"overflow: hidden; text-overflow: ellipsis; white-space: nowrap; flex-shrink: 1; min-width: 5px;\\">unass</span><span style=\\"position: relative; overflow: hidden; white-space: nowrap;\\"><span style=\\"color: transparent;\\">igned</span><span style=\\"position: absolute; right: 0px; color: rgb(171, 171, 171);\\">igned</span></span></span></span></span></span></div><span style=\\"flex-shrink: 0;\\"><canvas class=\\"bp3-popover-targer\\" width=\\"100\\" height=\\"11\\" style=\\"margin-right: 5px; width: 100px; height: 11px;\\"></canvas></span></div><div><span><span data-testclass=\\"categorical-value-count\\" data-testid=\\"categorical-value-count-TEST-CATEGORY-unassigned\\" style=\\"color: rgb(171, 171, 171); font-style: italic;\\">2638</span><svg display=\\"none\\" style=\\"margin-left: 5px; width: 11px; height: 11px; background-color: inherit;\\"></svg><span><span class=\\"bp3-popover-wrapper\\"><span class=\\"bp3-popover-target\\"><button type=\\"button\\" data-testclass=\\"seeActions\\" data-testid=\\"TEST-CATEGORY:unassigned:see-actions\\" class=\\"bp3-button bp3-minimal bp3-small\\" tabindex=\\"0\\" style=\\"margin-left: 2px; position: relative; top: -1px; min-height: 16px;\\"><span icon=\\"more\\" class=\\"bp3-icon bp3-icon-more\\"><svg data-icon=\\"more\\" width=\\"10\\" height=\\"10\\" viewBox=\\"0 0 16 16\\"><desc>more</desc><path d=\\"M2 6.03a2 2 0 100 4 2 2 0 100-4zM14 6.03a2 2 0 100 4 2 2 0 100-4zM8 6.03a2 2 0 100 4 2 2 0 100-4z\\" fill-rule=\\"evenodd\\"></path></svg></span></button></span></span></span></span></div></div>",
]
`;
